// Jest Snapshot v1, https://goo.gl/fbAQLP

exports[`SectionCard Layout Default Layout 1`] = `"<div class=\\"card relative grid w-full items-start rounded-lg border border-light-border bg-white \\">Content</div>"`;
